2026-06-16T21:36:26.973-04:00  INFO 7540 --- [projects-service] [main] c.i.p.ProjectsServiceApplication         : Starting ProjectsServiceApplication using Java 17.0.12 with PID 7540 (C:\Users\USUARIO\innovatech_FullstackIII\projects-service\target\classes started by USUARIO in C:\Users\USUARIO\innovatech_FullstackIII\projects-service)
2026-06-16T21:36:26.977-04:00 DEBUG 7540 --- [projects-service] [main] c.i.p.ProjectsServiceApplication         : Running with Spring Boot v3.2.0, Spring v6.1.1
2026-06-16T21:36:26.980-04:00  INFO 7540 --- [projects-service] [main] c.i.p.ProjectsServiceApplication         : No active profile set, falling back to 1 default profile: "default"
2026-06-16T21:36:31.095-04:00  INFO 7540 --- [projects-service] [main] .s.d.r.c.RepositoryConfigurationDelegate : Bootstrapping Spring Data JPA repositories in DEFAULT mode.
2026-06-16T21:36:31.305-04:00  INFO 7540 --- [projects-service] [main] .s.d.r.c.RepositoryConfigurationDelegate : Finished Spring Data repository scanning in 177 ms. Found 1 JPA repository interface.
2026-06-16T21:36:33.679-04:00  INFO 7540 --- [projects-service] [main] o.s.b.w.embedded.tomcat.TomcatWebServer  : Tomcat initialized with port 8003 (http)
2026-06-16T21:36:33.706-04:00  INFO 7540 --- [projects-service] [main] o.apache.catalina.core.StandardService   : Starting service [Tomcat]
2026-06-16T21:36:33.706-04:00  INFO 7540 --- [projects-service] [main] o.apache.catalina.core.StandardEngine    : Starting Servlet engine: [Apache Tomcat/10.1.16]
2026-06-16T21:36:33.880-04:00  INFO 7540 --- [projects-service] [main] o.a.c.c.C.[Tomcat].[localhost].[/]       : Initializing Spring embedded WebApplicationContext
2026-06-16T21:36:33.880-04:00  INFO 7540 --- [projects-service] [main] w.s.c.ServletWebServerApplicationContext : Root WebApplicationContext: initialization completed in 6606 ms
2026-06-16T21:36:34.836-04:00  INFO 7540 --- [projects-service] [main] com.zaxxer.hikari.HikariDataSource       : HikariPool-1 - Starting...
2026-06-16T21:36:35.296-04:00  INFO 7540 --- [projects-service] [main] com.zaxxer.hikari.pool.HikariPool        : HikariPool-1 - Added connection com.mysql.cj.jdbc.ConnectionImpl@1201e064
2026-06-16T21:36:35.302-04:00  INFO 7540 --- [projects-service] [main] com.zaxxer.hikari.HikariDataSource       : HikariPool-1 - Start completed.
2026-06-16T21:36:35.602-04:00  INFO 7540 --- [projects-service] [main] o.f.c.internal.license.VersionPrinter    : Flyway Community Edition 9.22.3 by Redgate
2026-06-16T21:36:35.602-04:00  INFO 7540 --- [projects-service] [main] o.f.c.internal.license.VersionPrinter    : See release notes here: https://rd.gt/416ObMi
2026-06-16T21:36:35.603-04:00  INFO 7540 --- [projects-service] [main] o.f.c.internal.license.VersionPrinter    : 
2026-06-16T21:36:35.983-04:00  INFO 7540 --- [projects-service] [main] org.flywaydb.core.FlywayExecutor         : Database: jdbc:mysql://localhost:3308/innovatech_projects (MySQL 8.0)
2026-06-16T21:36:36.157-04:00  INFO 7540 --- [projects-service] [main] o.f.c.i.s.JdbcTableSchemaHistory         : Schema history table `innovatech_projects`.`flyway_schema_history` does not exist yet
2026-06-16T21:36:36.168-04:00  INFO 7540 --- [projects-service] [main] o.f.core.internal.command.DbValidate     : Successfully validated 2 migrations (execution time 00:00.073s)
2026-06-16T21:36:36.326-04:00  INFO 7540 --- [projects-service] [main] o.f.c.i.s.JdbcTableSchemaHistory         : Creating Schema History table `innovatech_projects`.`flyway_schema_history` with baseline ...
2026-06-16T21:36:36.772-04:00  INFO 7540 --- [projects-service] [main] o.f.core.internal.command.DbBaseline     : Successfully baselined schema with version: 1
2026-06-16T21:36:36.926-04:00  INFO 7540 --- [projects-service] [main] o.f.core.internal.command.DbMigrate      : Current version of schema `innovatech_projects`: 1
2026-06-16T21:36:36.982-04:00  INFO 7540 --- [projects-service] [main] o.f.core.internal.command.DbMigrate      : Migrating schema `innovatech_projects` to version "2 - create project members"
2026-06-16T21:36:37.322-04:00  INFO 7540 --- [projects-service] [main] o.f.core.internal.command.DbMigrate      : Successfully applied 1 migration to schema `innovatech_projects`, now at version v2 (execution time 00:00.206s)
2026-06-16T21:36:37.747-04:00  INFO 7540 --- [projects-service] [main] o.hibernate.jpa.internal.util.LogHelper  : HHH000204: Processing PersistenceUnitInfo [name: default]
2026-06-16T21:36:37.983-04:00  INFO 7540 --- [projects-service] [main] org.hibernate.Version                    : HHH000412: Hibernate ORM core version 6.3.1.Final
2026-06-16T21:36:38.179-04:00  INFO 7540 --- [projects-service] [main] o.h.c.internal.RegionFactoryInitiator    : HHH000026: Second-level cache disabled
2026-06-16T21:36:39.359-04:00  INFO 7540 --- [projects-service] [main] o.s.o.j.p.SpringPersistenceUnitInfo      : No LoadTimeWeaver setup: ignoring JPA class transformer
2026-06-16T21:36:39.549-04:00  WARN 7540 --- [projects-service] [main] org.hibernate.orm.deprecation            : HHH90000025: MySQLDialect does not need to be specified explicitly using 'hibernate.dialect' (remove the property setting and it will be selected by default)
2026-06-16T21:36:41.749-04:00  INFO 7540 --- [projects-service] [main] o.h.e.t.j.p.i.JtaPlatformInitiator       : HHH000489: No JTA platform available (set 'hibernate.transaction.jta.platform' to enable JTA platform integration)
2026-06-16T21:36:41.870-04:00  INFO 7540 --- [projects-service] [main] j.LocalContainerEntityManagerFactoryBean : Initialized JPA EntityManagerFactory for persistence unit 'default'
2026-06-16T21:36:43.817-04:00  WARN 7540 --- [projects-service] [main] JpaBaseConfiguration$JpaWebConfiguration : spring.jpa.open-in-view is enabled by default. Therefore, database queries may be performed during view rendering. Explicitly configure spring.jpa.open-in-view to disable this warning
2026-06-16T21:36:43.910-04:00  WARN 7540 --- [projects-service] [main] .s.s.UserDetailsServiceAutoConfiguration : 

Using generated security password: b349290f-8474-44e3-b3fa-05e868045a7b

This generated password is for development use only. Your security configuration must be updated before running your application in production.

2026-06-16T21:36:45.099-04:00  INFO 7540 --- [projects-service] [main] o.s.b.a.e.web.EndpointLinksResolver      : Exposing 2 endpoint(s) beneath base path '/actuator'
2026-06-16T21:36:45.238-04:00  INFO 7540 --- [projects-service] [main] o.s.s.web.DefaultSecurityFilterChain     : Will secure any request with [org.springframework.security.web.session.DisableEncodeUrlFilter@5c3f9618, org.springframework.security.web.context.request.async.WebAsyncManagerIntegrationFilter@deb0c0e, org.springframework.security.web.context.SecurityContextHolderFilter@7f77d839, org.springframework.security.web.header.HeaderWriterFilter@73611fbb, org.springframework.web.filter.CorsFilter@6385b07d, org.springframework.security.web.authentication.logout.LogoutFilter@4563d421, org.springframework.security.web.savedrequest.RequestCacheAwareFilter@771deee6, org.springframework.security.web.servletapi.SecurityContextHolderAwareRequestFilter@76140ca5, org.springframework.security.web.authentication.AnonymousAuthenticationFilter@6942ff10, org.springframework.security.web.session.SessionManagementFilter@3e668743, org.springframework.security.web.access.ExceptionTranslationFilter@20072ff1, org.springframework.security.web.access.intercept.AuthorizationFilter@3c7e7ffd]
2026-06-16T21:36:46.680-04:00  INFO 7540 --- [projects-service] [main] o.s.b.w.embedded.tomcat.TomcatWebServer  : Tomcat started on port 8003 (http) with context path ''
2026-06-16T21:36:46.730-04:00  INFO 7540 --- [projects-service] [main] c.i.p.ProjectsServiceApplication         : Started ProjectsServiceApplication in 21.075 seconds (process running for 22.414)
2026-06-16T21:38:19.638-04:00  INFO 7540 --- [projects-service] [SpringApplicationShutdownHook] j.LocalContainerEntityManagerFactoryBean : Closing JPA EntityManagerFactory for persistence unit 'default'
2026-06-16T21:38:19.644-04:00  INFO 7540 --- [projects-service] [SpringApplicationShutdownHook] com.zaxxer.hikari.HikariDataSource       : HikariPool-1 - Shutdown initiated...
2026-06-16T21:38:19.681-04:00  INFO 7540 --- [projects-service] [SpringApplicationShutdownHook] com.zaxxer.hikari.HikariDataSource       : HikariPool-1 - Shutdown completed.
2026-06-16T21:40:03.164-04:00  INFO 12892 --- [projects-service] [main] c.i.p.ProjectsServiceApplication         : Starting ProjectsServiceApplication using Java 17.0.12 with PID 12892 (C:\Users\USUARIO\innovatech_FullstackIII\projects-service\target\classes started by USUARIO in C:\Users\USUARIO\innovatech_FullstackIII\projects-service)
2026-06-16T21:40:03.332-04:00 DEBUG 12892 --- [projects-service] [main] c.i.p.ProjectsServiceApplication         : Running with Spring Boot v3.2.0, Spring v6.1.1
2026-06-16T21:40:03.365-04:00  INFO 12892 --- [projects-service] [main] c.i.p.ProjectsServiceApplication         : No active profile set, falling back to 1 default profile: "default"
2026-06-16T21:40:28.963-04:00  INFO 12892 --- [projects-service] [main] .s.d.r.c.RepositoryConfigurationDelegate : Bootstrapping Spring Data JPA repositories in DEFAULT mode.
2026-06-16T21:40:29.894-04:00  INFO 12892 --- [projects-service] [main] .s.d.r.c.RepositoryConfigurationDelegate : Finished Spring Data repository scanning in 720 ms. Found 1 JPA repository interface.
2026-06-16T21:40:46.341-04:00  INFO 12892 --- [projects-service] [main] o.s.b.w.embedded.tomcat.TomcatWebServer  : Tomcat initialized with port 8003 (http)
2026-06-16T21:40:46.440-04:00  INFO 12892 --- [projects-service] [main] o.apache.catalina.core.StandardService   : Starting service [Tomcat]
2026-06-16T21:40:46.452-04:00  INFO 12892 --- [projects-service] [main] o.apache.catalina.core.StandardEngine    : Starting Servlet engine: [Apache Tomcat/10.1.16]
2026-06-16T21:40:48.958-04:00  INFO 12892 --- [projects-service] [main] o.a.c.c.C.[Tomcat].[localhost].[/]       : Initializing Spring embedded WebApplicationContext
2026-06-16T21:40:49.050-04:00  INFO 12892 --- [projects-service] [main] w.s.c.ServletWebServerApplicationContext : Root WebApplicationContext: initialization completed in 45033 ms
2026-06-16T21:40:57.304-04:00  INFO 12892 --- [projects-service] [main] com.zaxxer.hikari.HikariDataSource       : HikariPool-1 - Starting...
2026-06-16T21:41:01.922-04:00  INFO 12892 --- [projects-service] [main] com.zaxxer.hikari.pool.HikariPool        : HikariPool-1 - Added connection com.mysql.cj.jdbc.ConnectionImpl@4b7ab7ab
2026-06-16T21:41:01.967-04:00  INFO 12892 --- [projects-service] [main] com.zaxxer.hikari.HikariDataSource       : HikariPool-1 - Start completed.
2026-06-16T21:41:04.925-04:00  INFO 12892 --- [projects-service] [main] o.f.c.internal.license.VersionPrinter    : Flyway Community Edition 9.22.3 by Redgate
2026-06-16T21:41:05.076-04:00  INFO 12892 --- [projects-service] [main] o.f.c.internal.license.VersionPrinter    : See release notes here: https://rd.gt/416ObMi
2026-06-16T21:41:05.103-04:00  INFO 12892 --- [projects-service] [main] o.f.c.internal.license.VersionPrinter    : 
2026-06-16T21:41:09.236-04:00  INFO 12892 --- [projects-service] [main] org.flywaydb.core.FlywayExecutor         : Database: jdbc:mysql://localhost:3308/innovatech_projects (MySQL 8.0)
2026-06-16T21:41:16.205-04:00  INFO 12892 --- [projects-service] [main] o.f.core.internal.command.DbValidate     : Successfully validated 3 migrations (execution time 00:03.266s)
2026-06-16T21:41:17.634-04:00  INFO 12892 --- [projects-service] [main] o.f.core.internal.command.DbMigrate      : Current version of schema `innovatech_projects`: 2
2026-06-16T21:41:17.752-04:00  INFO 12892 --- [projects-service] [main] o.f.core.internal.command.DbMigrate      : Schema `innovatech_projects` is up to date. No migration necessary.
2026-06-16T21:41:19.329-04:00  INFO 12892 --- [projects-service] [main] o.hibernate.jpa.internal.util.LogHelper  : HHH000204: Processing PersistenceUnitInfo [name: default]
2026-06-16T21:41:20.412-04:00  INFO 12892 --- [projects-service] [main] org.hibernate.Version                    : HHH000412: Hibernate ORM core version 6.3.1.Final
2026-06-16T21:41:21.027-04:00  INFO 12892 --- [projects-service] [main] o.h.c.internal.RegionFactoryInitiator    : HHH000026: Second-level cache disabled
2026-06-16T21:41:24.376-04:00  INFO 12892 --- [projects-service] [main] o.s.o.j.p.SpringPersistenceUnitInfo      : No LoadTimeWeaver setup: ignoring JPA class transformer
2026-06-16T21:41:25.304-04:00  WARN 12892 --- [projects-service] [main] org.hibernate.orm.deprecation            : HHH90000025: MySQLDialect does not need to be specified explicitly using 'hibernate.dialect' (remove the property setting and it will be selected by default)
2026-06-16T21:41:33.931-04:00  INFO 12892 --- [projects-service] [main] o.h.e.t.j.p.i.JtaPlatformInitiator       : HHH000489: No JTA platform available (set 'hibernate.transaction.jta.platform' to enable JTA platform integration)
2026-06-16T21:41:34.296-04:00  INFO 12892 --- [projects-service] [main] j.LocalContainerEntityManagerFactoryBean : Initialized JPA EntityManagerFactory for persistence unit 'default'
2026-06-16T21:41:42.701-04:00  WARN 12892 --- [projects-service] [main] JpaBaseConfiguration$JpaWebConfiguration : spring.jpa.open-in-view is enabled by default. Therefore, database queries may be performed during view rendering. Explicitly configure spring.jpa.open-in-view to disable this warning
2026-06-16T21:41:42.983-04:00  WARN 12892 --- [projects-service] [main] .s.s.UserDetailsServiceAutoConfiguration : 

Using generated security password: f68b1d9f-ebc4-4c13-801c-af917af66257

This generated password is for development use only. Your security configuration must be updated before running your application in production.

2026-06-16T21:41:47.835-04:00  INFO 12892 --- [projects-service] [main] o.s.b.a.e.web.EndpointLinksResolver      : Exposing 2 endpoint(s) beneath base path '/actuator'
2026-06-16T21:41:48.606-04:00  INFO 12892 --- [projects-service] [main] o.s.s.web.DefaultSecurityFilterChain     : Will secure any request with [org.springframework.security.web.session.DisableEncodeUrlFilter@9b84747, org.springframework.security.web.context.request.async.WebAsyncManagerIntegrationFilter@1272f6d9, org.springframework.security.web.context.SecurityContextHolderFilter@3d70dab8, org.springframework.security.web.header.HeaderWriterFilter@27d9a016, org.springframework.web.filter.CorsFilter@50aa482f, org.springframework.security.web.authentication.logout.LogoutFilter@4a6c33a0, org.springframework.security.web.savedrequest.RequestCacheAwareFilter@6eed5b68, org.springframework.security.web.servletapi.SecurityContextHolderAwareRequestFilter@40f88929, org.springframework.security.web.authentication.AnonymousAuthenticationFilter@2835574b, org.springframework.security.web.session.SessionManagementFilter@488ae823, org.springframework.security.web.access.ExceptionTranslationFilter@35266985, org.springframework.security.web.access.intercept.AuthorizationFilter@3a7e13c0]
2026-06-16T21:41:57.852-04:00  INFO 12892 --- [projects-service] [main] o.s.b.w.embedded.tomcat.TomcatWebServer  : Tomcat started on port 8003 (http) with context path ''
2026-06-16T21:41:58.021-04:00  INFO 12892 --- [projects-service] [main] c.i.p.ProjectsServiceApplication         : Started ProjectsServiceApplication in 120.97 seconds (process running for 126.107)
2026-06-16T22:37:32.098-04:00  WARN 12892 --- [projects-service] [HikariPool-1 housekeeper] com.zaxxer.hikari.pool.HikariPool        : HikariPool-1 - Thread starvation or clock leap detected (housekeeper delta=42m3s320ms632µs800ns).
