2026-06-16T21:30:35.788-04:00  INFO 21460 --- [reports-service] [main] c.i.reports.ReportsServiceApplication    : Starting ReportsServiceApplication using Java 17.0.12 with PID 21460 (C:\Users\USUARIO\innovatech_FullstackIII\reports-service\target\classes started by USUARIO in C:\Users\USUARIO\innovatech_FullstackIII\reports-service)
2026-06-16T21:30:35.793-04:00 DEBUG 21460 --- [reports-service] [main] c.i.reports.ReportsServiceApplication    : Running with Spring Boot v3.2.0, Spring v6.1.1
2026-06-16T21:30:35.794-04:00  INFO 21460 --- [reports-service] [main] c.i.reports.ReportsServiceApplication    : No active profile set, falling back to 1 default profile: "default"
2026-06-16T21:30:40.682-04:00  INFO 21460 --- [reports-service] [main] .s.d.r.c.RepositoryConfigurationDelegate : Multiple Spring Data modules found, entering strict repository configuration mode
2026-06-16T21:30:40.688-04:00  INFO 21460 --- [reports-service] [main] .s.d.r.c.RepositoryConfigurationDelegate : Bootstrapping Spring Data JPA repositories in DEFAULT mode.
2026-06-16T21:30:41.277-04:00  INFO 21460 --- [reports-service] [main] .s.d.r.c.RepositoryConfigurationDelegate : Finished Spring Data repository scanning in 561 ms. Found 2 JPA repository interfaces.
2026-06-16T21:30:41.329-04:00  INFO 21460 --- [reports-service] [main] .s.d.r.c.RepositoryConfigurationDelegate : Multiple Spring Data modules found, entering strict repository configuration mode
2026-06-16T21:30:41.333-04:00  INFO 21460 --- [reports-service] [main] .s.d.r.c.RepositoryConfigurationDelegate : Bootstrapping Spring Data Redis repositories in DEFAULT mode.
2026-06-16T21:30:41.389-04:00  INFO 21460 --- [reports-service] [main] .RepositoryConfigurationExtensionSupport : Spring Data Redis - Could not safely identify store assignment for repository candidate interface cl.innovatech.reports.repository.KpiSnapshotRepository; If you want this repository to be a Redis repository, consider annotating your entities with one of these annotations: org.springframework.data.redis.core.RedisHash (preferred), or consider extending one of the following types with your repository: org.springframework.data.keyvalue.repository.KeyValueRepository
2026-06-16T21:30:41.390-04:00  INFO 21460 --- [reports-service] [main] .RepositoryConfigurationExtensionSupport : Spring Data Redis - Could not safely identify store assignment for repository candidate interface cl.innovatech.reports.repository.ReportCacheRepository; If you want this repository to be a Redis repository, consider annotating your entities with one of these annotations: org.springframework.data.redis.core.RedisHash (preferred), or consider extending one of the following types with your repository: org.springframework.data.keyvalue.repository.KeyValueRepository
2026-06-16T21:30:41.392-04:00  INFO 21460 --- [reports-service] [main] .s.d.r.c.RepositoryConfigurationDelegate : Finished Spring Data repository scanning in 19 ms. Found 0 Redis repository interfaces.
2026-06-16T21:30:45.197-04:00  INFO 21460 --- [reports-service] [main] o.s.b.w.embedded.tomcat.TomcatWebServer  : Tomcat initialized with port 8005 (http)
2026-06-16T21:30:45.235-04:00  INFO 21460 --- [reports-service] [main] o.apache.catalina.core.StandardService   : Starting service [Tomcat]
2026-06-16T21:30:45.236-04:00  INFO 21460 --- [reports-service] [main] o.apache.catalina.core.StandardEngine    : Starting Servlet engine: [Apache Tomcat/10.1.16]
2026-06-16T21:30:45.497-04:00  INFO 21460 --- [reports-service] [main] o.a.c.c.C.[Tomcat].[localhost].[/]       : Initializing Spring embedded WebApplicationContext
2026-06-16T21:30:45.498-04:00  INFO 21460 --- [reports-service] [main] w.s.c.ServletWebServerApplicationContext : Root WebApplicationContext: initialization completed in 9520 ms
2026-06-16T21:30:46.946-04:00  INFO 21460 --- [reports-service] [main] com.zaxxer.hikari.HikariDataSource       : HikariPool-1 - Starting...
2026-06-16T21:30:47.833-04:00  INFO 21460 --- [reports-service] [main] com.zaxxer.hikari.pool.HikariPool        : HikariPool-1 - Added connection com.mysql.cj.jdbc.ConnectionImpl@146833a2
2026-06-16T21:30:47.838-04:00  INFO 21460 --- [reports-service] [main] com.zaxxer.hikari.HikariDataSource       : HikariPool-1 - Start completed.
2026-06-16T21:30:48.391-04:00  INFO 21460 --- [reports-service] [main] o.f.c.internal.license.VersionPrinter    : Flyway Community Edition 9.22.3 by Redgate
2026-06-16T21:30:48.412-04:00  INFO 21460 --- [reports-service] [main] o.f.c.internal.license.VersionPrinter    : See release notes here: https://rd.gt/416ObMi
2026-06-16T21:30:48.423-04:00  INFO 21460 --- [reports-service] [main] o.f.c.internal.license.VersionPrinter    : 
2026-06-16T21:30:49.251-04:00  INFO 21460 --- [reports-service] [main] org.flywaydb.core.FlywayExecutor         : Database: jdbc:mysql://localhost:3310/innovatech_reports (MySQL 8.0)
2026-06-16T21:30:49.607-04:00  INFO 21460 --- [reports-service] [main] o.f.c.i.s.JdbcTableSchemaHistory         : Schema history table `innovatech_reports`.`flyway_schema_history` does not exist yet
2026-06-16T21:30:49.621-04:00  INFO 21460 --- [reports-service] [main] o.f.core.internal.command.DbValidate     : Successfully validated 1 migration (execution time 00:00.087s)
2026-06-16T21:30:49.840-04:00  INFO 21460 --- [reports-service] [main] o.f.c.i.s.JdbcTableSchemaHistory         : Creating Schema History table `innovatech_reports`.`flyway_schema_history` ...
2026-06-16T21:30:50.445-04:00  INFO 21460 --- [reports-service] [main] o.f.core.internal.command.DbMigrate      : Current version of schema `innovatech_reports`: << Empty Schema >>
2026-06-16T21:30:50.494-04:00  INFO 21460 --- [reports-service] [main] o.f.core.internal.command.DbMigrate      : Migrating schema `innovatech_reports` to version "1 - create reports"
2026-06-16T21:30:51.373-04:00  INFO 21460 --- [reports-service] [main] o.f.core.internal.command.DbMigrate      : Successfully applied 1 migration to schema `innovatech_reports`, now at version v1 (execution time 00:00.754s)
2026-06-16T21:30:51.831-04:00  INFO 21460 --- [reports-service] [main] o.hibernate.jpa.internal.util.LogHelper  : HHH000204: Processing PersistenceUnitInfo [name: default]
2026-06-16T21:30:52.095-04:00  INFO 21460 --- [reports-service] [main] org.hibernate.Version                    : HHH000412: Hibernate ORM core version 6.3.1.Final
2026-06-16T21:30:52.225-04:00  INFO 21460 --- [reports-service] [main] o.h.c.internal.RegionFactoryInitiator    : HHH000026: Second-level cache disabled
2026-06-16T21:30:53.053-04:00  INFO 21460 --- [reports-service] [main] o.s.o.j.p.SpringPersistenceUnitInfo      : No LoadTimeWeaver setup: ignoring JPA class transformer
2026-06-16T21:30:53.259-04:00  WARN 21460 --- [reports-service] [main] org.hibernate.orm.deprecation            : HHH90000025: MySQLDialect does not need to be specified explicitly using 'hibernate.dialect' (remove the property setting and it will be selected by default)
2026-06-16T21:30:55.917-04:00  INFO 21460 --- [reports-service] [main] o.h.e.t.j.p.i.JtaPlatformInitiator       : HHH000489: No JTA platform available (set 'hibernate.transaction.jta.platform' to enable JTA platform integration)
2026-06-16T21:30:56.161-04:00  INFO 21460 --- [reports-service] [main] j.LocalContainerEntityManagerFactoryBean : Initialized JPA EntityManagerFactory for persistence unit 'default'
2026-06-16T21:31:03.556-04:00  INFO 21460 --- [reports-service] [main] c.i.reports.consumer.TaskEventConsumer   : Consumer group 'reports-service' creado en stream 'task-events'
2026-06-16T21:31:04.566-04:00  WARN 21460 --- [reports-service] [main] JpaBaseConfiguration$JpaWebConfiguration : spring.jpa.open-in-view is enabled by default. Therefore, database queries may be performed during view rendering. Explicitly configure spring.jpa.open-in-view to disable this warning
2026-06-16T21:31:12.955-04:00  INFO 21460 --- [reports-service] [main] o.s.b.a.e.web.EndpointLinksResolver      : Exposing 2 endpoint(s) beneath base path '/actuator'
2026-06-16T21:31:13.939-04:00  INFO 21460 --- [reports-service] [main] o.s.b.w.embedded.tomcat.TomcatWebServer  : Tomcat started on port 8005 (http) with context path ''
2026-06-16T21:31:14.137-04:00  INFO 21460 --- [reports-service] [main] c.i.reports.ReportsServiceApplication    : Started ReportsServiceApplication in 40.483 seconds (process running for 43.887)
2026-06-16T21:37:37.754-04:00  INFO 21460 --- [reports-service] [SpringApplicationShutdownHook] j.LocalContainerEntityManagerFactoryBean : Closing JPA EntityManagerFactory for persistence unit 'default'
2026-06-16T21:37:37.816-04:00  INFO 21460 --- [reports-service] [SpringApplicationShutdownHook] com.zaxxer.hikari.HikariDataSource       : HikariPool-1 - Shutdown initiated...
2026-06-16T21:37:37.907-04:00  INFO 21460 --- [reports-service] [SpringApplicationShutdownHook] com.zaxxer.hikari.HikariDataSource       : HikariPool-1 - Shutdown completed.
2026-06-16T21:43:36.235-04:00  INFO 21264 --- [reports-service] [main] c.i.reports.ReportsServiceApplication    : Starting ReportsServiceApplication using Java 17.0.12 with PID 21264 (C:\Users\USUARIO\innovatech_FullstackIII\reports-service\target\classes started by USUARIO in C:\Users\USUARIO\innovatech_FullstackIII\reports-service)
2026-06-16T21:43:36.238-04:00 DEBUG 21264 --- [reports-service] [main] c.i.reports.ReportsServiceApplication    : Running with Spring Boot v3.2.0, Spring v6.1.1
2026-06-16T21:43:36.241-04:00  INFO 21264 --- [reports-service] [main] c.i.reports.ReportsServiceApplication    : No active profile set, falling back to 1 default profile: "default"
2026-06-16T21:43:39.639-04:00  INFO 21264 --- [reports-service] [main] .s.d.r.c.RepositoryConfigurationDelegate : Multiple Spring Data modules found, entering strict repository configuration mode
2026-06-16T21:43:39.646-04:00  INFO 21264 --- [reports-service] [main] .s.d.r.c.RepositoryConfigurationDelegate : Bootstrapping Spring Data JPA repositories in DEFAULT mode.
2026-06-16T21:43:40.488-04:00  INFO 21264 --- [reports-service] [main] .s.d.r.c.RepositoryConfigurationDelegate : Finished Spring Data repository scanning in 797 ms. Found 2 JPA repository interfaces.
2026-06-16T21:43:40.607-04:00  INFO 21264 --- [reports-service] [main] .s.d.r.c.RepositoryConfigurationDelegate : Multiple Spring Data modules found, entering strict repository configuration mode
2026-06-16T21:43:40.617-04:00  INFO 21264 --- [reports-service] [main] .s.d.r.c.RepositoryConfigurationDelegate : Bootstrapping Spring Data Redis repositories in DEFAULT mode.
2026-06-16T21:43:40.702-04:00  INFO 21264 --- [reports-service] [main] .RepositoryConfigurationExtensionSupport : Spring Data Redis - Could not safely identify store assignment for repository candidate interface cl.innovatech.reports.repository.KpiSnapshotRepository; If you want this repository to be a Redis repository, consider annotating your entities with one of these annotations: org.springframework.data.redis.core.RedisHash (preferred), or consider extending one of the following types with your repository: org.springframework.data.keyvalue.repository.KeyValueRepository
2026-06-16T21:43:40.704-04:00  INFO 21264 --- [reports-service] [main] .RepositoryConfigurationExtensionSupport : Spring Data Redis - Could not safely identify store assignment for repository candidate interface cl.innovatech.reports.repository.ReportCacheRepository; If you want this repository to be a Redis repository, consider annotating your entities with one of these annotations: org.springframework.data.redis.core.RedisHash (preferred), or consider extending one of the following types with your repository: org.springframework.data.keyvalue.repository.KeyValueRepository
2026-06-16T21:43:40.704-04:00  INFO 21264 --- [reports-service] [main] .s.d.r.c.RepositoryConfigurationDelegate : Finished Spring Data repository scanning in 22 ms. Found 0 Redis repository interfaces.
2026-06-16T21:43:43.426-04:00  INFO 21264 --- [reports-service] [main] o.s.b.w.embedded.tomcat.TomcatWebServer  : Tomcat initialized with port 8005 (http)
2026-06-16T21:43:43.471-04:00  INFO 21264 --- [reports-service] [main] o.apache.catalina.core.StandardService   : Starting service [Tomcat]
2026-06-16T21:43:43.491-04:00  INFO 21264 --- [reports-service] [main] o.apache.catalina.core.StandardEngine    : Starting Servlet engine: [Apache Tomcat/10.1.16]
2026-06-16T21:43:43.776-04:00  INFO 21264 --- [reports-service] [main] o.a.c.c.C.[Tomcat].[localhost].[/]       : Initializing Spring embedded WebApplicationContext
2026-06-16T21:43:43.776-04:00  INFO 21264 --- [reports-service] [main] w.s.c.ServletWebServerApplicationContext : Root WebApplicationContext: initialization completed in 7399 ms
2026-06-16T21:43:44.682-04:00  INFO 21264 --- [reports-service] [main] com.zaxxer.hikari.HikariDataSource       : HikariPool-1 - Starting...
2026-06-16T21:43:45.355-04:00  INFO 21264 --- [reports-service] [main] com.zaxxer.hikari.pool.HikariPool        : HikariPool-1 - Added connection com.mysql.cj.jdbc.ConnectionImpl@4dffff9
2026-06-16T21:43:45.362-04:00  INFO 21264 --- [reports-service] [main] com.zaxxer.hikari.HikariDataSource       : HikariPool-1 - Start completed.
2026-06-16T21:43:45.809-04:00  INFO 21264 --- [reports-service] [main] o.f.c.internal.license.VersionPrinter    : Flyway Community Edition 9.22.3 by Redgate
2026-06-16T21:43:45.811-04:00  INFO 21264 --- [reports-service] [main] o.f.c.internal.license.VersionPrinter    : See release notes here: https://rd.gt/416ObMi
2026-06-16T21:43:45.816-04:00  INFO 21264 --- [reports-service] [main] o.f.c.internal.license.VersionPrinter    : 
2026-06-16T21:43:46.025-04:00  INFO 21264 --- [reports-service] [main] org.flywaydb.core.FlywayExecutor         : Database: jdbc:mysql://localhost:3310/innovatech_reports (MySQL 8.0)
2026-06-16T21:43:46.314-04:00  INFO 21264 --- [reports-service] [main] o.f.core.internal.command.DbValidate     : Successfully validated 1 migration (execution time 00:00.100s)
2026-06-16T21:43:46.393-04:00  INFO 21264 --- [reports-service] [main] o.f.core.internal.command.DbMigrate      : Current version of schema `innovatech_reports`: 1
2026-06-16T21:43:46.403-04:00  INFO 21264 --- [reports-service] [main] o.f.core.internal.command.DbMigrate      : Schema `innovatech_reports` is up to date. No migration necessary.
2026-06-16T21:43:46.809-04:00  INFO 21264 --- [reports-service] [main] o.hibernate.jpa.internal.util.LogHelper  : HHH000204: Processing PersistenceUnitInfo [name: default]
2026-06-16T21:43:46.983-04:00  INFO 21264 --- [reports-service] [main] org.hibernate.Version                    : HHH000412: Hibernate ORM core version 6.3.1.Final
2026-06-16T21:43:47.081-04:00  INFO 21264 --- [reports-service] [main] o.h.c.internal.RegionFactoryInitiator    : HHH000026: Second-level cache disabled
2026-06-16T21:43:48.092-04:00  INFO 21264 --- [reports-service] [main] o.s.o.j.p.SpringPersistenceUnitInfo      : No LoadTimeWeaver setup: ignoring JPA class transformer
2026-06-16T21:43:48.303-04:00  WARN 21264 --- [reports-service] [main] org.hibernate.orm.deprecation            : HHH90000025: MySQLDialect does not need to be specified explicitly using 'hibernate.dialect' (remove the property setting and it will be selected by default)
2026-06-16T21:43:51.636-04:00  INFO 21264 --- [reports-service] [main] o.h.e.t.j.p.i.JtaPlatformInitiator       : HHH000489: No JTA platform available (set 'hibernate.transaction.jta.platform' to enable JTA platform integration)
2026-06-16T21:43:51.780-04:00  INFO 21264 --- [reports-service] [main] j.LocalContainerEntityManagerFactoryBean : Initialized JPA EntityManagerFactory for persistence unit 'default'
2026-06-16T21:43:55.910-04:00 DEBUG 21264 --- [reports-service] [main] c.i.reports.consumer.TaskEventConsumer   : Consumer group ya existe o stream no disponible: Error in execution
2026-06-16T21:43:56.717-04:00  WARN 21264 --- [reports-service] [main] JpaBaseConfiguration$JpaWebConfiguration : spring.jpa.open-in-view is enabled by default. Therefore, database queries may be performed during view rendering. Explicitly configure spring.jpa.open-in-view to disable this warning
2026-06-16T21:44:01.692-04:00  INFO 21264 --- [reports-service] [main] o.s.b.a.e.web.EndpointLinksResolver      : Exposing 2 endpoint(s) beneath base path '/actuator'
2026-06-16T21:44:01.908-04:00  INFO 21264 --- [reports-service] [main] o.s.b.w.embedded.tomcat.TomcatWebServer  : Tomcat started on port 8005 (http) with context path ''
2026-06-16T21:44:01.945-04:00  INFO 21264 --- [reports-service] [main] c.i.reports.ReportsServiceApplication    : Started ReportsServiceApplication in 27.451 seconds (process running for 29.53)
2026-06-16T22:05:54.709-04:00 DEBUG 21264 --- [reports-service] [scheduling-1] c.i.reports.consumer.TaskEventConsumer   : Redis no disponible para consumir eventos: Unable to connect to Redis
2026-06-16T22:37:45.333-04:00  WARN 21264 --- [reports-service] [HikariPool-1 housekeeper] com.zaxxer.hikari.pool.HikariPool        : HikariPool-1 - Thread starvation or clock leap detected (housekeeper delta=42m3s289ms724µs100ns).
