2026-06-16 13:11:26.001 AUDIT PASSWORD INPUT: 'password'
2026-06-16 13:11:26.051 AUDIT HASH EN DB: '$2a$12$92IXUNpkjO0rOQ5byMi.Ye4oKoEa3Ro9llC/.og/at2uheWG/igi.'
2026-06-16 13:11:26.084 AUDIT ENCODER CLASS: org.springframework.security.crypto.bcrypt.BCryptPasswordEncoder
2026-06-16 13:11:29.631 AUDIT MATCH RESULT: false
2026-06-16 13:11:29.632 AUDIT INPUT: [password]
2026-06-16 13:11:29.633 AUDIT HASH: [$2a$12$92IXUNpkjO0rOQ5byMi.Ye4oKoEa3Ro9llC/.og/at2uheWG/igi.]
2026-06-16 13:11:30.886 AUDIT MATCH: false
2026-06-16 13:32:57.687 AUDIT Credenciales creadas para: test@test.com
2026-06-16 13:35:39.462 AUDIT Credenciales creadas para: test@innovatech.com
2026-06-16 13:37:08.895 AUDIT PASSWORD INPUT: 'Test1234!'
2026-06-16 13:37:08.896 AUDIT HASH EN DB: '$2a$12$ZRnPLXTXu9tC6ZSubQlmceG2I8QU2Mk0iQki.qJXoKdjYwgPk44DS'
2026-06-16 13:37:08.897 AUDIT ENCODER CLASS: org.springframework.security.crypto.bcrypt.BCryptPasswordEncoder
2026-06-16 13:37:09.977 AUDIT MATCH RESULT: true
2026-06-16 13:37:09.977 AUDIT INPUT: [Test1234!]
2026-06-16 13:37:09.977 AUDIT HASH: [$2a$12$ZRnPLXTXu9tC6ZSubQlmceG2I8QU2Mk0iQki.qJXoKdjYwgPk44DS]
2026-06-16 13:37:10.760 AUDIT MATCH: true
2026-06-16 13:53:48.275 AUDIT PASSWORD INPUT: 'Test1234!'
2026-06-16 13:53:48.327 AUDIT HASH EN DB: '$2a$12$ZRnPLXTXu9tC6ZSubQlmceG2I8QU2Mk0iQki.qJXoKdjYwgPk44DS'
2026-06-16 13:53:48.340 AUDIT ENCODER CLASS: org.springframework.security.crypto.bcrypt.BCryptPasswordEncoder
2026-06-16 13:53:49.391 AUDIT MATCH RESULT: true
2026-06-16 13:53:49.391 AUDIT INPUT: [Test1234!]
2026-06-16 13:53:49.391 AUDIT HASH: [$2a$12$ZRnPLXTXu9tC6ZSubQlmceG2I8QU2Mk0iQki.qJXoKdjYwgPk44DS]
2026-06-16 13:53:50.118 AUDIT MATCH: true
2026-06-16 14:07:43.259 AUDIT Credenciales creadas para: test2@innovatech.com
2026-06-16 14:08:27.725 AUDIT PASSWORD INPUT: 'Test1234!'
2026-06-16 14:08:27.726 AUDIT HASH EN DB: '$2a$12$7MXes1fp3xEJrwibcJMPMObeuFIFKnW46wjNaDeD887fSynUiIrzu'
2026-06-16 14:08:27.727 AUDIT ENCODER CLASS: org.springframework.security.crypto.bcrypt.BCryptPasswordEncoder
2026-06-16 14:08:28.652 AUDIT MATCH RESULT: true
2026-06-16 14:08:28.653 AUDIT INPUT: [Test1234!]
2026-06-16 14:08:28.653 AUDIT HASH: [$2a$12$7MXes1fp3xEJrwibcJMPMObeuFIFKnW46wjNaDeD887fSynUiIrzu]
2026-06-16 14:08:29.644 AUDIT MATCH: true
2026-06-16 14:35:50.463 AUDIT PASSWORD INPUT: 'Test1234!'
2026-06-16 14:35:50.471 AUDIT HASH EN DB: '$2a$12$7MXes1fp3xEJrwibcJMPMObeuFIFKnW46wjNaDeD887fSynUiIrzu'
2026-06-16 14:35:50.478 AUDIT ENCODER CLASS: org.springframework.security.crypto.bcrypt.BCryptPasswordEncoder
2026-06-16 14:35:51.871 AUDIT MATCH RESULT: true
2026-06-16 14:35:51.871 AUDIT INPUT: [Test1234!]
2026-06-16 14:35:51.871 AUDIT HASH: [$2a$12$7MXes1fp3xEJrwibcJMPMObeuFIFKnW46wjNaDeD887fSynUiIrzu]
2026-06-16 14:35:52.670 AUDIT MATCH: true
2026-06-16 15:50:41.966 AUDIT PASSWORD INPUT: 'Test1234!'
2026-06-16 15:50:41.968 AUDIT HASH EN DB: '$2a$12$7MXes1fp3xEJrwibcJMPMObeuFIFKnW46wjNaDeD887fSynUiIrzu'
2026-06-16 15:50:41.970 AUDIT ENCODER CLASS: org.springframework.security.crypto.bcrypt.BCryptPasswordEncoder
2026-06-16 15:50:42.828 AUDIT MATCH RESULT: true
2026-06-16 15:50:42.829 AUDIT INPUT: [Test1234!]
2026-06-16 15:50:42.830 AUDIT HASH: [$2a$12$7MXes1fp3xEJrwibcJMPMObeuFIFKnW46wjNaDeD887fSynUiIrzu]
2026-06-16 15:50:43.828 AUDIT MATCH: true
2026-06-16 15:50:47.184 AUDIT Login exitoso para: test2@innovatech.com
